// Jest Snapshot v1, https://goo.gl/fbAQLP

exports[`<Customers> component tests snapshot renders 1`] = `
<div>
  <h1>
    WELCOME TO SEYTECH PORTAL
  </h1>
  <h3>
    Profile
  </h3>
  <h3>
    Calendar/Schedule
  </h3>
  <h3>
    News
  </h3>
  <h3>
    Job Fair
  </h3>
  <h3>
    Courses
  </h3>
  <ul>
    <li>
      Individual Course
    </li>
  </ul>
</div>
`;
